// Jest Snapshot v1, https://goo.gl/fbAQLP

exports[`Home renders unchanged 1`] = `
<div>
  <div
    class="MuiContainer-root MuiContainer-maxWidthLg css-1oqqzyl-MuiContainer-root"
  >
    <div
      class="css-678bp8-MuiStack-root"
    >
      <div
        class="MuiFormControl-root MuiFormControl-marginDense MuiFormControl-fullWidth MuiTextField-root css-1z10yd4-MuiFormControl-root-MuiTextField-root"
      >
        <div
          class="MuiInputBase-root MuiOutlinedInput-root MuiInputBase-colorPrimary MuiInputBase-fullWidth MuiInputBase-formControl MuiInputBase-adornedStart css-bz1l3-MuiInputBase-root-MuiOutlinedInput-root"
        >
          <svg
            aria-hidden="true"
            class="MuiSvgIcon-root MuiSvgIcon-fontSizeMedium css-i4bv87-MuiSvgIcon-root"
            data-testid="SearchIcon"
            focusable="false"
            viewBox="0 0 24 24"
          >
            <path
              d="M15.5 14h-.79l-.28-.27C15.41 12.59 16 11.11 16 9.5 16 5.91 13.09 3 9.5 3S3 5.91 3 9.5 5.91 16 9.5 16c1.61 0 3.09-.59 4.23-1.57l.27.28v.79l5 4.99L20.49 19l-4.99-5zm-6 0C7.01 14 5 11.99 5 9.5S7.01 5 9.5 5 14 7.01 14 9.5 11.99 14 9.5 14z"
            />
          </svg>
          <input
            aria-invalid="false"
            class="MuiInputBase-input MuiOutlinedInput-input MuiInputBase-inputAdornedStart css-1o9s3wi-MuiInputBase-input-MuiOutlinedInput-input"
            id=":r0:"
            placeholder="Search location here..."
            type="text"
            value=""
          />
          <fieldset
            aria-hidden="true"
            class="MuiOutlinedInput-notchedOutline css-1d3z3hw-MuiOutlinedInput-notchedOutline"
          >
            <legend
              class="css-ihdtdm"
            >
              <span
                class="notranslate"
              >
                ​
              </span>
            </legend>
          </fieldset>
        </div>
      </div>
      <span
        class="MuiSkeleton-root MuiSkeleton-rectangular MuiSkeleton-pulse css-1qtk8s1-MuiSkeleton-root"
      />
      <div
        class="css-1kwgaa7-MuiStack-root"
      >
        <span
          class="MuiSkeleton-root MuiSkeleton-rectangular MuiSkeleton-pulse css-1u5pjy3-MuiSkeleton-root"
        />
        <span
          class="MuiSkeleton-root MuiSkeleton-rectangular MuiSkeleton-pulse css-1u5pjy3-MuiSkeleton-root"
        />
        <span
          class="MuiSkeleton-root MuiSkeleton-rectangular MuiSkeleton-pulse css-1u5pjy3-MuiSkeleton-root"
        />
        <span
          class="MuiSkeleton-root MuiSkeleton-rectangular MuiSkeleton-pulse css-1u5pjy3-MuiSkeleton-root"
        />
        <span
          class="MuiSkeleton-root MuiSkeleton-rectangular MuiSkeleton-pulse css-1u5pjy3-MuiSkeleton-root"
        />
        <span
          class="MuiSkeleton-root MuiSkeleton-rectangular MuiSkeleton-pulse css-1u5pjy3-MuiSkeleton-root"
        />
        <span
          class="MuiSkeleton-root MuiSkeleton-rectangular MuiSkeleton-pulse css-1u5pjy3-MuiSkeleton-root"
        />
      </div>
      <p
        class="MuiTypography-root MuiTypography-body2 MuiTypography-alignCenter css-1vl95ex-MuiTypography-root"
      >
        Copyright © 2023
      </p>
    </div>
  </div>
</div>
`;
